carlosmensiasjr@MacBook-Pro-de-Carlos-2 ~ % cd Desktop
carlosmensiasjr@MacBook-Pro-de-Carlos-2 Desktop % mkdir Story
carlosmensiasjr@MacBook-Pro-de-Carlos-2 Desktop % cd Story
carlosmensiasjr@MacBook-Pro-de-Carlos-2 Story % ls   
carlosmensiasjr@MacBook-Pro-de-Carlos-2 Story % touch chapter1.txt
carlosmensiasjr@MacBook-Pro-de-Carlos-2 Story % open chapter1.txt
carlosmensiasjr@MacBook-Pro-de-Carlos-2 Story % git init
Initialized empty Git repository in /Users/carlosmensiasjr/Desktop/Story/.git/
carlosmensiasjr@MacBook-Pro-de-Carlos-2 Story % ls -a
.               ..              .git            chapter1.txt
carlosmensiasjr@MacBook-Pro-de-Carlos-2 Story % git status
On branch main

No commits yet

Untracked files:
  (use "git add <file>..." to include in what will be committed)
        chapter1.txt

nothing added to commit but untracked files present (use "git add" to track)
carlosmensiasjr@MacBook-Pro-de-Carlos-2 Story % git add chapter1.txt
carlosmensiasjr@MacBook-Pro-de-Carlos-2 Story % git status
On branch main

No commits yet

Changes to be committed:
  (use "git rm --cached <file>..." to unstage)
        new file:   chapter1.txt
